QA12 - MC68HC12 Absolute crossassembler, Version 1.6.3
(c) GMV 1989-2013


File: KeyboardML15.lst
                            1. ;	KeyboardML15
                            2. ;
001000                      3. 	ORG	$1000
001000 16 10 05             4. start:	JSR	GetKbdML15
001003 20 FB                5. 	BRA	start
001005                      6. 	
001005                      7. GetKbdML15:
001005 16 10 0D             8. 	JSR	CheckKbdML15
001008 C1 FF                9. 	CMPB	#$FF
00100A 27 F9               10. 	BEQ	GetKbdML15
00100C A7                  11. 	NOP
                           12. 
00100D                     13. CheckKbdML15:	
00100D F6 09 C0            14. 	LDAB	$9C0
001010 2B 08               15. 	BMI	DAV_1
001012 37                  16. 	PSHB
001013 F6 09 C0            17. DAV_2:	LDAB	$9C0
001016 2A FB               18. 	BPL	DAV_2
001018 33                  19. 	PULB
001019 3D                  20. 	RTS
00101A C6 FF               21. DAV_1:	LDAB	#$FF
00101C 3D                  22. 	RTS
00101D                     23. 	
00101D                     24. 	
00101D                     25. CheckKbd_First:	
00101D F6 09 C0            26. 	LDAB	$9C0
001020 2B 01               27. 	BMI	First_DAV_1
001022 3D                  28. 	RTS
001023                     29. First_DAV_1:
001023 C6 FF               30. 	LDAB	#$FF
001025 3D                  31. 	RTS
                           32. 
001026                     33. 	
                           34. 
001026                     35. 	
001026                     36. 		